Fetching distribution.
Downloading https://services.gradle.org/distributions/gradle-8.5-all.zip
....................10%.....................20%.....................30%.....................40%.....................50%.....................60%....................70%.....................80%.....................90%.....................100%
To honour the JVM settings for this build a single-use Daemon process will be forked. For more on this, please refer to https://docs.gradle.org/8.5/userguide/gradle_daemon.html#sec:disabling_the_daemon in the Gradle documentation.
Daemon will be stopped at the end of the build 

> Configure project :app
WARNING:The option 'android.enableBuildCache' is deprecated.
The current default is 'false'.
It was removed in version 7.0 of the Android Gradle plugin.
The Android-specific build caches were superseded by the Gradle build cache (https://docs.gradle.org/current/userguide/build_cache.html).
E:\New\Chatbot\TalkChatBot\gradlew.bat : 
At line:1 char:109
+ ... $env:PATH"; E:\New\Chatbot\TalkChatBot\gradlew.bat assembleDebug --no ...
+                 ~~~~~~~~~~~~~~~~~~~~~~~~~~~~~~~~~~~~~~~~~~~~~~~~~~~~~~~~~
    + CategoryInfo          : NotSpecified: (:String) [], RemoteException
    + FullyQualifiedErrorId : NativeCommandError
 
FAILURE: Build failed with an exception.

* What went wrong:
Could not determine the dependencies of task ':app:compileDebugJavaWithJavac'.
> Could not determine the dependencies of null.
   > Failed to find target with hash string 'android-33' in: C:\Android

* Try:
> Run with --stacktrace option to get the stack trace.
> Run with --info or --debug option to get more log output.
> Run with --scan to get full insights.
> Get more help at https://help.gradle.org.

Deprecated Gradle features were used in this build, making it incompatible with Gradle 9.0.

You can use '--warning-mode all' to show the individual deprecation warnings and determine if they come from your own scripts or plugins.

For more on this, please refer to https://docs.gradle.org/8.5/userguide/command_line_interface.html#sec:command_line_warnings in the Gradle documentation.

BUILD FAILED in 50s
